-- b compatibility case
drop database if exists b;
create database b dbcompatibility 'b';
--------------------concat--------------------
-- concat case in a compatibility
\c regression
select concat('','A');
 concat 
--------
 A
(1 row)

select concat(null,'A');
 concat 
--------
 A
(1 row)

select concat_ws(',', 'A', null);
 concat_ws 
-----------
 A
(1 row)

select concat_ws(',', 'A', '');
 concat_ws 
-----------
 A
(1 row)

create table text1 (a char(10));
insert into text1 values (concat('A',''));
insert into text1 values (concat('A',null));
select * from text1 where a is null;
 a 
---
(0 rows)

drop table text1;
-- concat case in b compatibility
\c b
select concat('','A');
 concat 
--------
 A
(1 row)

select concat(null,'A');
 concat 
--------
 
(1 row)

select concat_ws(',', 'A', null);
 concat_ws 
-----------
 A
(1 row)

select concat_ws(',', 'A', '');
 concat_ws 
-----------
 A,
(1 row)

create table text1 (a char(10));
insert into text1 values (concat('A',''));
insert into text1 values (concat('A',null));
select * from text1 where a is null;
 a 
---
 
(1 row)

drop table text1;
-----------null is not equal to ''---------
-- null case in postgresql
\c regression
create table text2 (a char(10));
insert into text2 values('');
insert into text2 values (null);
select * from text2 where a is null;
 a 
---
 
 
(2 rows)

select * from text2 where a='';
 a 
---
(0 rows)

select * from text2 where a is not null;
 a 
---
(0 rows)

drop table text2;
-- null case in b
\c b
create table text2 (a char(10));
insert into text2 values('');
insert into text2 values (null);
select * from text2 where a is null;
 a 
---
 
(1 row)

select * from text2 where a='';
     a      
------------
           
(1 row)

select * from text2 where a is not null;
     a      
------------
           
(1 row)

drop table text2;
-- test int8 int1in int2in int4in
\c regression
select '-'::int8;
ERROR:  invalid input syntax for type bigint: "-"
LINE 1: select '-'::int8;
               ^
CONTEXT:  referenced column: int8
select int1in('');
 int1in 
--------
 
(1 row)

select int1in('.1');
ERROR:  invalid input syntax for integer: ".1"
CONTEXT:  referenced column: int1in
select int2in('s');
ERROR:  invalid input syntax for integer: "s"
CONTEXT:  referenced column: int2in
select int4in('s');
ERROR:  invalid input syntax for integer: "s"
CONTEXT:  referenced column: int4in
\c b
select '-'::int8;
 int8 
------
    0
(1 row)

select int1in('');
 int1in 
--------
 0
(1 row)

select int1in('.1');
 int1in 
--------
 0
(1 row)

select int2in('s');
 int2in 
--------
      0
(1 row)

select int4in('s');
 int4in 
--------
      0
(1 row)

-- test substr
select substr(9, 2) + 1;
 ?column? 
----------
        1
(1 row)

select substr(9, 2) + 1.2;
 ?column? 
----------
      1.2
(1 row)

select substr(9, 2) + '1';
 ?column? 
----------
        1
(1 row)

select substr(9, 2) + '1.2';
 ?column? 
----------
      1.2
(1 row)

select substr(9, 2) + 'a';
 ?column? 
----------
        0
(1 row)

select substr(1.2, 1, 3) + '1.2';
 ?column? 
----------
      2.4
(1 row)

select 'a' + 1;
 ?column? 
----------
        1
(1 row)

select 'a' + 1.2;
 ?column? 
----------
      1.2
(1 row)

select 'a' + '1';
 ?column? 
----------
        1
(1 row)

select 'a' + '1.2';
 ?column? 
----------
      1.2
(1 row)

select 'a' + 'b';
 ?column? 
----------
        0
(1 row)

select cast('.1' as int);
 int4 
------
    0
(1 row)

select cast('' as int);
 int4 
------
    0
(1 row)

select cast('1.1' as int);
 int4 
------
    1
(1 row)

select cast('s' as int);
 int4 
------
    0
(1 row)

--------------- limit #,#-------------------
-- limit case in postgresql
\c regression
create table test_limit(a int);
insert into test_limit values (1),(2),(3),(4),(5);
select * from test_limit order by 1 limit 2,3;
 a 
---
 3
 4
 5
(3 rows)

select * from test_limit order by 1 limit 2,6;
 a 
---
 3
 4
 5
(3 rows)

select * from test_limit order by 1 limit 6,2;
 a 
---
(0 rows)

drop table test_limit;
-- limit case in b
\c b
create table test_limit(a int);
insert into test_limit values (1),(2),(3),(4),(5);
select * from test_limit order by 1 limit 2,3;
 a 
---
 3
 4
 5
(3 rows)

select * from test_limit order by 1 limit 2,6;
 a 
---
 3
 4
 5
(3 rows)

select * from test_limit order by 1 limit 6,2;
 a 
---
(0 rows)

drop table test_limit;
--------------timestampdiff-----------------
-- timestamp with time zone
-- timestamp1 > timestamp2
\c b
select timestampdiff(year, '2018-01-01 01:01:01.000001', '2019-02-02 02:02:02.000002');
 timestamp_diff 
----------------
              1
(1 row)

select timestampdiff(quarter, '2018-01-01 01:01:01.000001', '2019-02-02 02:02:02.000002');
 timestamp_diff 
----------------
              4
(1 row)

select timestampdiff(week, '2018-01-01 01:01:01.000001', '2019-02-02 02:02:02.000002');
 timestamp_diff 
----------------
             56
(1 row)

select timestampdiff(month, '2018-01-01 01:01:01.000001', '2019-02-02 02:02:02.000002');
 timestamp_diff 
----------------
             13
(1 row)

select timestampdiff(day, '2018-01-01 01:01:01.000001', '2019-02-02 02:02:02.000002');
 timestamp_diff 
----------------
            397
(1 row)

select timestampdiff(hour, '2018-01-01 01:01:01.000001', '2019-02-02 02:02:02.000002');
 timestamp_diff 
----------------
           9529
(1 row)

select timestampdiff(minute, '2018-01-01 01:01:01.000001', '2019-02-02 02:02:02.000002');
 timestamp_diff 
----------------
         571741
(1 row)

select timestampdiff(second, '2018-01-01 01:01:01.000001', '2019-02-02 02:02:02.000002');
 timestamp_diff 
----------------
       34304461
(1 row)

select timestampdiff(microsecond, '2018-01-01 01:01:01.000001', '2019-02-02 02:02:02.000002');
 timestamp_diff 
----------------
 34304461000001
(1 row)

-- timestamp2 > timestamp1
select timestampdiff(year, '2019-02-02 02:02:02.000002', '2018-01-01 01:01:01.000001');
 timestamp_diff 
----------------
             -1
(1 row)

select timestampdiff(quarter, '2019-02-02 02:02:02.000002', '2018-01-01 01:01:01.000001');
 timestamp_diff 
----------------
             -4
(1 row)

select timestampdiff(week, '2019-02-02 02:02:02.000002', '2018-01-01 01:01:01.000001');
 timestamp_diff 
----------------
            -56
(1 row)

select timestampdiff(month, '2019-02-02 02:02:02.000002', '2018-01-01 01:01:01.000001');
 timestamp_diff 
----------------
            -13
(1 row)

select timestampdiff(day, '2019-02-02 02:02:02.000002', '2018-01-01 01:01:01.000001');
 timestamp_diff 
----------------
           -397
(1 row)

select timestampdiff(hour, '2019-02-02 02:02:02.000002', '2018-01-01 01:01:01.000001');
 timestamp_diff 
----------------
          -9529
(1 row)

select timestampdiff(minute, '2019-02-02 02:02:02.000002', '2018-01-01 01:01:01.000001');
 timestamp_diff 
----------------
        -571741
(1 row)

select timestampdiff(second, '2019-02-02 02:02:02.000002', '2018-01-01 01:01:01.000001');
 timestamp_diff 
----------------
      -34304461
(1 row)

select timestampdiff(microsecond, '2019-02-02 02:02:02.000002', '2018-01-01 01:01:01.000001');
 timestamp_diff  
-----------------
 -34304461000001
(1 row)

-- LEAP YEAR LEAP MONTH
select timestampdiff(day, '2016-01-01', '2017-01-01');
 timestamp_diff 
----------------
            366
(1 row)

select timestampdiff(day, '2017-01-01', '2018-01-01');
 timestamp_diff 
----------------
            365
(1 row)

select timestampdiff(day, '2016-01-01', '2016-02-01');
 timestamp_diff 
----------------
             31
(1 row)

select timestampdiff(day, '2016-02-01', '2016-03-01');
 timestamp_diff 
----------------
             29
(1 row)

select timestampdiff(day, '2016-03-01', '2016-04-01');
 timestamp_diff 
----------------
             31
(1 row)

select timestampdiff(day, '2016-04-01', '2016-05-01');
 timestamp_diff 
----------------
             30
(1 row)

select timestampdiff(day, '2016-05-01', '2016-06-01');
 timestamp_diff 
----------------
             31
(1 row)

select timestampdiff(day, '2016-06-01', '2016-07-01');
 timestamp_diff 
----------------
             30
(1 row)

select timestampdiff(day, '2016-07-01', '2016-08-01');
 timestamp_diff 
----------------
             31
(1 row)

select timestampdiff(day, '2016-08-01', '2016-09-01');
 timestamp_diff 
----------------
             31
(1 row)

select timestampdiff(day, '2016-09-01', '2016-10-01');
 timestamp_diff 
----------------
             30
(1 row)

select timestampdiff(day, '2016-10-01', '2016-11-01');
 timestamp_diff 
----------------
             31
(1 row)

select timestampdiff(day, '2016-11-01', '2016-12-01');
 timestamp_diff 
----------------
             30
(1 row)

select timestampdiff(day, '2016-12-01', '2017-01-01');
 timestamp_diff 
----------------
             31
(1 row)

select timestampdiff(day, '2000-02-01', '2000-03-01');
 timestamp_diff 
----------------
             29
(1 row)

select timestampdiff(day, '1900-02-01', '1900-03-01');
 timestamp_diff 
----------------
             28
(1 row)

-- timestamp without time zone
select timestampdiff(year, '2018-01-01 01:01:01.000001'::timestamp, '2019-02-02 02:02:02.000002'::timestamp);
 timestamp_diff 
----------------
              1
(1 row)

select timestampdiff(quarter, '2018-01-01 01:01:01.000001'::timestamp, '2019-02-02 02:02:02.000002'::timestamp);
 timestamp_diff 
----------------
              4
(1 row)

select timestampdiff(week, '2018-01-01 01:01:01.000001'::timestamp, '2019-02-02 02:02:02.000002'::timestamp);
 timestamp_diff 
----------------
             56
(1 row)

select timestampdiff(month, '2018-01-01 01:01:01.000001'::timestamp, '2019-02-02 02:02:02.000002'::timestamp);
 timestamp_diff 
----------------
             13
(1 row)

select timestampdiff(day, '2018-01-01 01:01:01.000001'::timestamp, '2019-02-02 02:02:02.000002'::timestamp);
 timestamp_diff 
----------------
            397
(1 row)

select timestampdiff(hour, '2018-01-01 01:01:01.000001'::timestamp, '2019-02-02 02:02:02.000002'::timestamp);
 timestamp_diff 
----------------
           9529
(1 row)

select timestampdiff(minute, '2018-01-01 01:01:01.000001'::timestamp, '2019-02-02 02:02:02.000002'::timestamp);
 timestamp_diff 
----------------
         571741
(1 row)

select timestampdiff(second, '2018-01-01 01:01:01.000001'::timestamp, '2019-02-02 02:02:02.000002'::timestamp);
 timestamp_diff 
----------------
       34304461
(1 row)

select timestampdiff(microsecond, '2018-01-01 01:01:01.000001'::timestamp, '2019-02-02 02:02:02.000002'::timestamp);
 timestamp_diff 
----------------
 34304461000001
(1 row)

-- now()
select timestampdiff(year, '2018-01-01', now());
 timestamp_diff 
----------------
--?.*
(1 row)

select timestampdiff(quarter, '2018-01-01', now());
 timestamp_diff 
----------------
--?.*
(1 row)

select timestampdiff(week, '2018-01-01', now());
 timestamp_diff 
----------------
--?.*
(1 row)

select timestampdiff(month, '2018-01-01', now());
 timestamp_diff 
----------------
--?.*
(1 row)

select timestampdiff(day, '2018-01-01', now());
 timestamp_diff 
----------------
--?.*
(1 row)

select timestampdiff(hour, '2018-01-01', now());
 timestamp_diff 
----------------
--?.*
(1 row)

select timestampdiff(minute, '2018-01-01', now());
 timestamp_diff 
----------------
--?.*
(1 row)

select timestampdiff(second, '2018-01-01', now());
 timestamp_diff 
----------------
--?.*
(1 row)

select timestampdiff(microsecond, '2018-01-01', now());
 timestamp_diff  
-----------------
--?.*
(1 row)

-- current_timestamp
select timestampdiff(year,'2018-01-01', current_timestamp);
 timestamp_diff 
----------------
--?.*
(1 row)

-- test error
select timestampdiff(yearss, '2018-01-01', now());
ERROR:  timestamp with time zone units "yearss" not recognized
CONTEXT:  referenced column: timestamp_diff
select timestampdiff(century, '2018-01-01', now());
ERROR:  timestamp units "century" not supported
CONTEXT:  referenced column: timestamp_diff
select timestampdiff(year, '-0001-01-01', '2019-01-01');
ERROR:  invalid input syntax for type timestamp with time zone: "-0001-01-01"
LINE 1: select timestampdiff(year, '-0001-01-01', '2019-01-01');
                                   ^
CONTEXT:  referenced column: timestamp_diff
select timestampdiff(microsecond, '0001-01-01', '293000-12-31');
ERROR:  The result of timestampdiff out of range.
CONTEXT:  referenced column: timestamp_diff
select timestampdiff(microsecond, '2018-13-01', '2019-12-31');
ERROR:  date/time field value out of range: "2018-13-01"
LINE 1: select timestampdiff(microsecond, '2018-13-01', '2019-12-31'...
                                          ^
HINT:  Perhaps you need a different "datestyle" setting.
CONTEXT:  referenced column: timestamp_diff
select timestampdiff(microsecond, '2018-01-01', '2019-12-32');
ERROR:  date/time field value out of range: "2019-12-32"
LINE 1: select timestampdiff(microsecond, '2018-01-01', '2019-12-32'...
                                                        ^
HINT:  Perhaps you need a different "datestyle" setting.
CONTEXT:  referenced column: timestamp_diff
-- test table ref
create table timestamp(a timestamp, b timestamp with time zone);
insert into timestamp values('2018-01-01 01:01:01.000001', '2019-02-02 02:02:02.000002');
select timestampdiff(year, '2018-01-01 01:01:01.000001', b) from timestamp;
 timestamp_diff 
----------------
              1
(1 row)

select timestampdiff(quarter, '2018-01-01 01:01:01.000001', b) from timestamp;
 timestamp_diff 
----------------
              4
(1 row)

select timestampdiff(week, '2018-01-01 01:01:01.000001', b) from timestamp;;
 timestamp_diff 
----------------
             56
(1 row)

select timestampdiff(month, '2018-01-01 01:01:01.000001', b) from timestamp;;
 timestamp_diff 
----------------
             13
(1 row)

select timestampdiff(day, '2018-01-01 01:01:01.000001', b) from timestamp;;
 timestamp_diff 
----------------
            397
(1 row)

select timestampdiff(hour, '2018-01-01 01:01:01.000001', b) from timestamp;;
 timestamp_diff 
----------------
           9529
(1 row)

select timestampdiff(minute, '2018-01-01 01:01:01.000001',b) from timestamp;;
 timestamp_diff 
----------------
         571741
(1 row)

select timestampdiff(second, '2018-01-01 01:01:01.000001', b) from timestamp;
 timestamp_diff 
----------------
       34304461
(1 row)

select timestampdiff(microsecond, '2018-01-01 01:01:01.000001', b) from timestamp;
 timestamp_diff 
----------------
 34304461000001
(1 row)

drop table timestamp;
-- test char/varchar length
create table char_test(a char(10),b varchar(10));
insert into char_test values('零一二三四五六七八九','零一二三四五六七八九');
insert into char_test values('零1二3四5六7八9','零1二3四5六7八9');
insert into char_test values('零1二3四5六7八9','零1二3四5六7八90');
ERROR:  value too long for type character varying(10)
CONTEXT:  referenced column: b
insert into char_test values('零1二3四5六7八90','零1二3四5六7八9');
ERROR:  value too long for type character(10)
CONTEXT:  referenced column: a
insert into char_test values('零0','零1二3');
insert into char_test values('零0  ','零1二3');
insert into char_test values('零0','零1二3  ');
insert into char_test values('','');
insert into char_test values(null,null);
insert into char_test values('0','0');
select length(a),length(b) from char_test;
 length | length 
--------+--------
     10 |     10
     10 |     10
      2 |      4
      2 |      4
      2 |      6
      0 |      0
        |       
      1 |      1
(8 rows)

select lengthb(a),lengthb(b) from char_test;
 lengthb | lengthb 
---------+---------
      30 |      30
      20 |      20
      10 |       8
      10 |       8
      10 |      10
      10 |       0
         |        
      10 |       1
(8 rows)

select bit_length(a),bit_length(b) from char_test;
 bit_length | bit_length 
------------+------------
        240 |        240
        160 |        160
         32 |         64
         32 |         64
         32 |         80
          0 |          0
            |           
          8 |          8
(8 rows)

create index a on char_test(a);
create index b on char_test(b);
set enable_seqscan to off;
select * from char_test where a = '零0';
     a     |    b     
-----------+----------
 零0       | 零1二3
 零0       | 零1二3
 零0       | 零1二3  
(3 rows)

select * from char_test where b = '零1二3';
     a     |   b    
-----------+--------
 零0       | 零1二3
 零0       | 零1二3
(2 rows)

drop table char_test;
-- Testing the behavior of CREATE VIEW statement permissions in B-compatibility mode
CREATE SCHEMA test_schema;
CREATE SCHEMA view_schema;
CREATE TABLE test_schema.test_table (a int);
CREATE VIEW test_schema.test_view AS SELECT ascii('a');
CREATE FUNCTION test_schema.bit2float8 (bit) RETURNS float8 AS
$$
BEGIN
    RETURN (SELECT int8($1));
END;
$$
LANGUAGE plpgsql;
CREATE USER test_c WITH PASSWORD 'openGauss@123';
CREATE USER test_d WITH PASSWORD 'openGauss@123';
GRANT USAGE ON SCHEMA test_schema TO test_d;
GRANT CREATE ON SCHEMA view_schema TO test_d;
GRANT USAGE ON SCHEMA test_schema TO test_c;
GRANT CREATE ON SCHEMA view_schema TO test_c;
REVOKE EXECUTE ON FUNCTION test_schema.bit2float8(bit) FROM public;
SET ROLE test_c PASSWORD 'openGauss@123';
CREATE DEFINER=test_d VIEW view_schema.new_view1 AS SELECT * FROM test_schema.test_table;
ERROR:  must be owner of relation new_view1
DETAIL:  N/A
CREATE DEFINER=test_d VIEW view_schema.new_view2 AS SELECT * FROM test_schema.test_view;
ERROR:  must be owner of relation new_view2
DETAIL:  N/A
CREATE DEFINER=test_d VIEW view_schema.new_view3 AS SELECT * FROM test_schema.bit2float8(b'1111');
ERROR:  must be owner of relation new_view3
DETAIL:  N/A
RESET ROLE;
GRANT test_d TO test_c;
SET ROLE test_c PASSWORD 'openGauss@123';
CREATE DEFINER=test_d VIEW view_schema.new_view1 AS SELECT * FROM test_schema.test_table;
CREATE DEFINER=test_d VIEW view_schema.new_view2 AS SELECT * FROM test_schema.test_view;
CREATE DEFINER=test_d VIEW view_schema.new_view3 AS SELECT * FROM test_schema.bit2float8(b'1111');
SELECT * FROM view_schema.new_view1;
ERROR:  permission denied for schema view_schema
LINE 1: SELECT * FROM view_schema.new_view1;
                      ^
DETAIL:  N/A
SELECT * FROM view_schema.new_view2;
ERROR:  permission denied for schema view_schema
LINE 1: SELECT * FROM view_schema.new_view2;
                      ^
DETAIL:  N/A
SELECT * FROM view_schema.new_view3;
ERROR:  permission denied for schema view_schema
LINE 1: SELECT * FROM view_schema.new_view3;
                      ^
DETAIL:  N/A
RESET ROLE;
SET ROLE test_d PASSWORD 'openGauss@123';
SELECT * FROM view_schema.new_view1;
ERROR:  permission denied for schema view_schema
LINE 1: SELECT * FROM view_schema.new_view1;
                      ^
DETAIL:  N/A
SELECT * FROM view_schema.new_view2;
ERROR:  permission denied for schema view_schema
LINE 1: SELECT * FROM view_schema.new_view2;
                      ^
DETAIL:  N/A
SELECT * FROM view_schema.new_view3;
ERROR:  permission denied for schema view_schema
LINE 1: SELECT * FROM view_schema.new_view3;
                      ^
DETAIL:  N/A
RESET ROLE;
GRANT SELECT ON TABLE test_schema.test_table TO test_d;
GRANT SELECT ON TABLE test_schema.test_view TO test_d;
GRANT EXECUTE ON FUNCTION test_schema.bit2float8(bit) TO test_d;
GRANT USAGE ON SCHEMA view_schema TO test_d;
SET ROLE test_d PASSWORD 'openGauss@123';
SELECT * FROM view_schema.new_view1;
 a 
---
(0 rows)

SELECT * FROM view_schema.new_view2;
 ascii 
-------
    97
(1 row)

SELECT * FROM view_schema.new_view3;
 bit2float8 
------------
         15
(1 row)

RESET ROLE;
SET ROLE test_c PASSWORD 'openGauss@123';
SELECT * FROM view_schema.new_view1;
 a 
---
(0 rows)

SELECT * FROM view_schema.new_view2;
 ascii 
-------
    97
(1 row)

SELECT * FROM view_schema.new_view3;
 bit2float8 
------------
         15
(1 row)

RESET ROLE;
\c regression
-- test label:loop
--error
create or replace procedure doiterate(p1 int)
as
begin
label1: loop
p1 := p1+1;
if p1 < 10 then
iterate label1;
end if;
leave label1;
end loop label1;
raise notice 'p1:%',p1;
end;
/
ERROR:  'label:' is only supported in database which dbcompatibility='B'.
CONTEXT:  compilation of PL/pgSQL function "doiterate" near line 1
--error
create or replace procedure doiterate(p1 int)
as
begin
<<label1>> loop
p1 := p1+1;
if p1 < 10 then
iterate label1;
end if;
leave label1;
end loop label1;
raise notice 'p1:%',p1;
end;
/
ERROR:  'ITERATE label' is only in database which dbcompatibility='B'.
CONTEXT:  compilation of PL/pgSQL function "doiterate" near line 4
--error
create or replace procedure doiterate(p1 int)
as
begin
<<label1>> loop
p1 := p1+1;
if p1 < 10 then
continue label1;
end if;
leave label1;
end loop label1;
raise notice 'p1:%',p1;
end;
/
ERROR:  'LEAVE label' is only in database which dbcompatibility='B'.
CONTEXT:  compilation of PL/pgSQL function "doiterate" near line 5
--success
create or replace procedure doiterate(p1 int)
as
begin
<<label1>> loop
p1 := p1+1;
if p1 < 10 then
continue label1;
end if;
exit label1;
end loop label1;
raise notice 'p1:%',p1;
end;
/
call doiterate(3);
NOTICE:  p1:10
 doiterate 
-----------
 
(1 row)

drop procedure if exists doiterate;
\c b
--success
create or replace procedure doiterate(p1 int)
as
begin
label1   :
loop
p1 := p1+1;
if p1 < 10 then
raise notice '123';
end if;
exit;
end loop label1;
end;
/
call doiterate(2);
NOTICE:  123
 doiterate 
-----------
 
(1 row)

--success
create or replace procedure doiterate(p1 int)
as
begin
LABEL1:
loop
p1 := p1+1;
if p1 < 10 then
raise notice '123';
end if;
exit LABEL1;
end loop LABEL1;
end;
/
call doiterate(2);
NOTICE:  123
 doiterate 
-----------
 
(1 row)

--success
create or replace procedure doiterate(p1 int)
as
begin
LAbEL1:
loop
p1 := p1+1;
if p1 < 10 then
raise notice '123';
end if;
exit LABeL1;
end loop LaBEL1;
end;
/
call doiterate(2);
NOTICE:  123
 doiterate 
-----------
 
(1 row)

--success
create or replace procedure doiterate(p1 int)
as
begin
label1: loop
p1 := p1+1;
if p1 < 10 then
iterate label1;
end if;
leave label1;
end loop label1;
raise notice 'p1:%',p1;
end;
/
call doiterate(3);
NOTICE:  p1:10
 doiterate 
-----------
 
(1 row)

create or replace procedure doiterate(p1 int)
as
begin
loop
p1 := p1+1;
if p1 < 10 then
iterate;
end if;
leave;
end loop;
raise notice 'p1:%',p1;
end;
/
call doiterate(3);
NOTICE:  p1:10
 doiterate 
-----------
 
(1 row)

create or replace function labeltest(n int) return int
as
p int;
i int;
begin
p :=2;
label1:  loop
if p < n then
p := p+1;
iterate label1;
end if;
leave label1;
end loop label1;
return p;
end;
/
call labeltest(5);
 labeltest 
-----------
         5
(1 row)

create or replace function labeltest(n int) return int
as
p int;
i int;
begin
p :=2;
LABEL1:  loop
if p < n then
p := p+1;
iterate LABEL1;
end if;
leave LABEL1;
end loop LABEL1;
return p;
end;
/
call labeltest(3);
 labeltest 
-----------
         3
(1 row)

create or replace function labeltest(n int) return int
as
p int;
i int;
begin
p :=2;
lAbel1:  loop
if p < n then
p := p+1;
iterate labEl1;
end if;
leave LAbel1;
end loop labEL1;
return p;
end;
/
call labeltest(7);
 labeltest 
-----------
         7
(1 row)

create or replace function labeltest(n int) return int
as
p int;
i int;
begin
p :=2;
loop
if p < n then
p := p+1;
iterate;
end if;
leave;
end loop;
return p;
end;
/
call labeltest(9);
 labeltest 
-----------
         9
(1 row)

drop procedure if exists doiterate;
drop function if exists labeltest;
\c regression
create or replace procedure func_zzm(num1 in int, num2 inout int, res out int)
as begin
num2 := num2 + 1;
res := num1 + 1;
end;
/
--success
declare
n1 int;
n2 int;
begin
n1 := 10;
n2 := 100;
func_zzm(1,n1,n2);
raise notice '%,%',n1,n2;
end;
/
NOTICE:  11,2
--error
declare
n1 int;
n2 int;
begin
n1 := 10;
n2 := 100;
call func_zzm(1,n1,n2);
raise notice '%,%',n1,n2;
end;
/
ERROR:  query has no destination for result data
HINT:  If you want to discard the results of a SELECT, use PERFORM instead.
CONTEXT:  PL/pgSQL function inline_code_block line 7 at SQL statement
CREATE OR REPLACE FUNCTION func1(num1 in int, num2 inout int, res out int) RETURNS record
AS $$
DECLARE
BEGIN
num2 := num2 + 1;
res := num1 + 1;
return;
END
$$
LANGUAGE plpgsql;
--success
declare
n1 int;
n2 int;
begin
n1 := 10;
n2 := 100;
raise notice '%,%',n1,n2;
func1(1,n1,n2);
raise notice '%,%',n1,n2;
end;
/
NOTICE:  10,100
NOTICE:  11,2
--error
declare
n1 int;
n2 int;
begin
n1 := 10;
n2 := 100;
raise notice '%,%',n1,n2;
call func1(1,n1,n2);
raise notice '%,%',n1,n2;
end;
/
NOTICE:  10,100
ERROR:  query has no destination for result data
HINT:  If you want to discard the results of a SELECT, use PERFORM instead.
CONTEXT:  PL/pgSQL function inline_code_block line 8 at SQL statement
create or replace procedure debug(num1 in int, num2 inout int, res out int)
as begin
num2 := num2 + 1;
res := num1 + 1;
end;
/
--success
declare
n1 int;
n2 int;
begin
n1 := 10;
n2 := 100;
debug(1,n1,n2);
raise notice '%,%',n1,n2;
end;
/
NOTICE:  11,2
--error
declare
n1 int;
n2 int;
begin
n1 := 10;
n2 := 100;
call debug(1,n1,n2);
raise notice '%,%',n1,n2;
end;
/
ERROR:  query has no destination for result data
HINT:  If you want to discard the results of a SELECT, use PERFORM instead.
CONTEXT:  PL/pgSQL function inline_code_block line 7 at SQL statement
create or replace procedure call(num1 in int, num2 inout int, res out int)
as begin
num2 := num2 + 1;
res := num1 + 1;
end;
/
--success
declare
n1 int;
n2 int;
begin
n1 := 10;
n2 := 100;
call(1,n1,n2);
raise notice '%,%',n1,n2;
end;
/
NOTICE:  11,2
--error
declare
n1 int;
n2 int;
begin
n1 := 10;
n2 := 100;
call call(1,n1,n2);
raise notice '%,%',n1,n2;
end;
/
ERROR:  query has no destination for result data
HINT:  If you want to discard the results of a SELECT, use PERFORM instead.
CONTEXT:  PL/pgSQL function inline_code_block line 7 at SQL statement
drop procedure call;
CREATE OR REPLACE FUNCTION call() RETURNS int
AS $$
DECLARE
n int;
BEGIN
n := 1;
return 1;
END
$$
LANGUAGE plpgsql;
--success
declare
begin
call();
end;
/
--error
declare
begin
call;
end;
/
ERROR:  syntax error at end of input
LINE 3: call;
            ^
QUERY:  DECLARE 
begin
call;
end
--error
declare
begin
call call();
end;
/
ERROR:  query has no destination for result data
HINT:  If you want to discard the results of a SELECT, use PERFORM instead.
CONTEXT:  PL/pgSQL function inline_code_block line 3 at SQL statement
--error
declare
begin
call call;
end;
/
ERROR:  syntax error at end of input
LINE 3: call call;
                 ^
QUERY:  DECLARE 
begin
call call;
end
create schema test;
CREATE OR REPLACE FUNCTION test.func1() RETURNS int
AS $$
DECLARE
n int;
BEGIN
n := 1;
return 1;
END
$$
LANGUAGE plpgsql;
--success
declare
begin
test.func1();
end;
/
--error
declare
begin
call test.func1();
end;
/
ERROR:  query has no destination for result data
HINT:  If you want to discard the results of a SELECT, use PERFORM instead.
CONTEXT:  PL/pgSQL function inline_code_block line 3 at SQL statement
create or replace procedure test.debug(num1 in int, num2 inout int, res out int)
as begin
num2 := num2 + 1;
res := num1 + 1;
end;
/
--success
declare
n1 int;
n2 int;
begin
n1 := 10;
n2 := 100;
test.debug(1,n1,n2);
raise notice '%,%',n1,n2;
end;
/
NOTICE:  11,2
--error
declare
n1 int;
n2 int;
begin
n1 := 10;
n2 := 100;
call test.debug(1,n1,n2);
raise notice '%,%',n1,n2;
end;
/
ERROR:  query has no destination for result data
HINT:  If you want to discard the results of a SELECT, use PERFORM instead.
CONTEXT:  PL/pgSQL function inline_code_block line 7 at SQL statement
create or replace procedure test.call(num1 in int, num2 inout int, res out int)
as begin
num2 := num2 + 1;
res := num1 + 1;
end;
/
--success
declare
n1 int;
n2 int;
begin
n1 := 10;
n2 := 100;
test.call(1,n1,n2);
raise notice '%,%',n1,n2;
end;
/
NOTICE:  11,2
--error
declare
n1 int;
n2 int;
begin
n1 := 10;
n2 := 100;
call test.call(1,n1,n2);
raise notice '%,%',n1,n2;
end;
/
ERROR:  query has no destination for result data
HINT:  If you want to discard the results of a SELECT, use PERFORM instead.
CONTEXT:  PL/pgSQL function inline_code_block line 7 at SQL statement
drop procedure func_zzm;
drop function func1;
drop procedure debug;
drop procedure call;
drop schema test CASCADE;
NOTICE:  drop cascades to 3 other objects
DETAIL:  drop cascades to function test.func1()
drop cascades to function test.debug(integer,integer)
drop cascades to function test.call(integer,integer)
\c b
create or replace procedure func_zzm(num1 in int, num2 inout int, res out int)
as begin
num2 := num2 + 1;
res := num1 + 1;
end;
/
--success
declare
n1 int;
n2 int;
begin
n1 := 10;
n2 := 100;
func_zzm(1,n1,n2);
raise notice '%,%',n1,n2;
end;
/
NOTICE:  11,2
--success
declare
n1 int;
n2 int;
begin
n1 := 10;
n2 := 100;
call func_zzm(1,n1,n2);
raise notice '%,%',n1,n2;
end;
/
NOTICE:  11,2
CREATE OR REPLACE FUNCTION func1(num1 in int, num2 inout int, res out int) RETURNS record
AS $$
DECLARE
BEGIN
num2 := num2 + 1;
res := num1 + 1;
return;
END
$$
LANGUAGE plpgsql;
--success
declare
n1 int;
n2 int;
begin
n1 := 10;
n2 := 100;
raise notice '%,%',n1,n2;
func1(1,n1,n2);
raise notice '%,%',n1,n2;
end;
/
NOTICE:  10,100
NOTICE:  11,2
--success
declare
n1 int;
n2 int;
begin
n1 := 10;
n2 := 100;
raise notice '%,%',n1,n2;
call func1(1,n1,n2);
raise notice '%,%',n1,n2;
end;
/
NOTICE:  10,100
NOTICE:  11,2
create or replace procedure debug(num1 in int, num2 inout int, res out int)
as begin
num2 := num2 + 1;
res := num1 + 1;
end;
/
--success
declare
n1 int;
n2 int;
begin
n1 := 10;
n2 := 100;
debug(1,n1,n2);
raise notice '%,%',n1,n2;
end;
/
NOTICE:  11,2
--success
declare
n1 int;
n2 int;
begin
n1 := 10;
n2 := 100;
call debug(1,n1,n2);
raise notice '%,%',n1,n2;
end;
/
NOTICE:  11,2
create or replace procedure call(num1 in int, num2 inout int, res out int)
as begin
num2 := num2 + 1;
res := num1 + 1;
end;
/
--success
declare
n1 int;
n2 int;
begin
n1 := 10;
n2 := 100;
call(1,n1,n2);
raise notice '%,%',n1,n2;
end;
/
NOTICE:  11,2
--success
declare
n1 int;
n2 int;
begin
n1 := 10;
n2 := 100;
call call(1,n1,n2);
raise notice '%,%',n1,n2;
end;
/
NOTICE:  11,2
drop procedure call;
CREATE OR REPLACE FUNCTION call() RETURNS int
AS $$
DECLARE
n int;
BEGIN
n := 1;
return 1;
END
$$
LANGUAGE plpgsql;
--success
declare
begin
call();
end;
/
--error
declare
begin
call;
end;
/
ERROR:  syntax error at end of input
LINE 3: call;
            ^
QUERY:  DECLARE 
begin
call;
end
--success
declare
begin
call call();
end;
/
--error
declare
begin
call call;
end;
/
ERROR:  syntax error at end of input
LINE 3: call call;
                 ^
QUERY:  DECLARE 
begin
call call;
end
create schema test;
CREATE OR REPLACE FUNCTION test.func1() RETURNS int
AS $$
DECLARE
n int;
BEGIN
n := 1;
return 1;
END
$$
LANGUAGE plpgsql;
--success
declare
begin
test.func1();
end;
/
--success
declare
begin
call test.func1();
end;
/
create or replace procedure test.debug(num1 in int, num2 inout int, res out int)
as begin
num2 := num2 + 1;
res := num1 + 1;
end;
/
--success
declare
n1 int;
n2 int;
begin
n1 := 10;
n2 := 100;
test.debug(1,n1,n2);
raise notice '%,%',n1,n2;
end;
/
NOTICE:  11,2
--success
declare
n1 int;
n2 int;
begin
n1 := 10;
n2 := 100;
call test.debug(1,n1,n2);
raise notice '%,%',n1,n2;
end;
/
NOTICE:  11,2
create or replace procedure test.call(num1 in int, num2 inout int, res out int)
as begin
num2 := num2 + 1;
res := num1 + 1;
end;
/
--success
declare
n1 int;
n2 int;
begin
n1 := 10;
n2 := 100;
test.call(1,n1,n2);
raise notice '%,%',n1,n2;
end;
/
NOTICE:  11,2
--success
declare
n1 int;
n2 int;
begin
n1 := 10;
n2 := 100;
call test.call(1,n1,n2);
raise notice '%,%',n1,n2;
end;
/
NOTICE:  11,2
drop procedure func_zzm;
drop function func1;
drop procedure debug;
drop procedure call;
drop schema test CASCADE;
NOTICE:  drop cascades to 3 other objects
DETAIL:  drop cascades to function test.func1()
drop cascades to function test.debug(integer,integer)
drop cascades to function test.call(integer,integer)
\c regression
drop database b;
DROP USER test_c;
DROP USER test_d;
