DROP SCHEMA hw_subpartition_size CASCADE;
ERROR:  schema "hw_subpartition_size" does not exist
CREATE SCHEMA hw_subpartition_size;
SET CURRENT_SCHEMA TO hw_subpartition_size;
---- test function:
-- 1. pg_table_size
-- 2. pg_indexes_size
-- 3. pg_total_relation_size
-- 4. pg_relation_size
-- 5. pg_partition_size
-- 6. pg_partition_indexes_size
CREATE TABLE range_list_sales
(
    product_id     INT4,
    customer_id    INT4,
    time_id        DATE,
    channel_id     CHAR(1),
    type_id        INT4,
    quantity_sold  NUMERIC(3),
    amount_sold    NUMERIC(10,2)
)
PARTITION BY RANGE (customer_id) SUBPARTITION BY LIST (channel_id)
(
    PARTITION customer1 VALUES LESS THAN (2000)
    (
        SUBPARTITION customer1_channel1 VALUES ('0', '1', '2'),
        SUBPARTITION customer1_channel2 VALUES ('3', '4', '5'),
        SUBPARTITION customer1_channel3 VALUES ('6', '7', '8'),
        SUBPARTITION customer1_channel4 VALUES ('9')
    ),
    PARTITION customer2 VALUES LESS THAN (5000)
    (
        SUBPARTITION customer2_channel1 VALUES ('0', '1', '2', '3', '4'),
        SUBPARTITION customer2_channel2 VALUES (DEFAULT)
    ),
    PARTITION customer3 VALUES LESS THAN (8000),
    PARTITION customer4 VALUES LESS THAN (12000)
    (
        SUBPARTITION customer4_channel1 VALUES ('0', '1', '2', '3', '4', '5', '6', '7', '8', '9')
    )
);
INSERT INTO range_list_sales SELECT generate_series(1,10000),
                                    generate_series(1,10000),
                                    date_pli('2008-01-01', generate_series(1,10000)),
                                    generate_series(1,10000)%10,
                                    generate_series(1,10000)%10,
                                    generate_series(1,10000)%1000,
                                    generate_series(1,10000);
CREATE INDEX range_list_sales_idx1 ON range_list_sales(product_id) LOCAL;
CREATE INDEX range_list_sales_idx2 ON range_list_sales(channel_id, type_id) LOCAL;
CREATE INDEX range_list_sales_idx3 ON range_list_sales(time_id) GLOBAL;
ALTER TABLE range_list_sales ADD CONSTRAINT range_list_sales_pkey PRIMARY KEY (customer_id);
NOTICE:  ALTER TABLE / ADD PRIMARY KEY will create implicit index "range_list_sales_pkey" for table "range_list_sales"
-- 1. pg_table_size
SELECT pg_table_size('range_list_sales');
 pg_table_size 
---------------
        925696
(1 row)

SELECT pg_table_size('range_list_sales_idx1');
 pg_table_size 
---------------
        385024
(1 row)

SELECT pg_table_size('range_list_sales_idx2');
 pg_table_size 
---------------
        385024
(1 row)

SELECT pg_table_size('range_list_sales_idx3');
 pg_table_size 
---------------
        335872
(1 row)

SELECT pg_table_size('range_list_sales_pkey');
 pg_table_size 
---------------
        245760
(1 row)

--2. pg_indexes_size
SELECT pg_indexes_size('range_list_sales');
 pg_indexes_size 
-----------------
         1351680
(1 row)

-- should be equal
SELECT pg_indexes_size('range_list_sales') =
    pg_table_size('range_list_sales_idx1') +
    pg_table_size('range_list_sales_idx2') +
    pg_table_size('range_list_sales_idx3') +
    pg_table_size('range_list_sales_pkey');
 ?column? 
----------
 t
(1 row)

-- 3. pg_total_relation_size
SELECT pg_total_relation_size('range_list_sales');
 pg_total_relation_size 
------------------------
                2277376
(1 row)

-- should be equal
SELECT pg_total_relation_size('range_list_sales') =
    pg_table_size('range_list_sales') + pg_indexes_size('range_list_sales');
 ?column? 
----------
 t
(1 row)

-- 4. pg_relation_size
SELECT pg_relation_size('range_list_sales');
 pg_relation_size 
------------------
           729088
(1 row)

SELECT pg_relation_size('range_list_sales', 'main');
 pg_relation_size 
------------------
           729088
(1 row)

SELECT pg_relation_size('range_list_sales_idx1');
 pg_relation_size 
------------------
           385024
(1 row)

SELECT pg_relation_size('range_list_sales_idx2');
 pg_relation_size 
------------------
           385024
(1 row)

SELECT pg_relation_size('range_list_sales_idx3');
 pg_relation_size 
------------------
           335872
(1 row)

SELECT pg_relation_size('range_list_sales_pkey');
 pg_relation_size 
------------------
           245760
(1 row)

-- 5. pg_partition_size
SELECT pg_partition_size('range_list_sales', 'customer1');
 pg_partition_size 
-------------------
            262144
(1 row)

SELECT pg_partition_size('range_list_sales', 'customer2_channel1');
 pg_partition_size 
-------------------
            131072
(1 row)

-- should be equal
SELECT pg_table_size('range_list_sales') =
    pg_partition_size('range_list_sales', 'customer1') +
    pg_partition_size('range_list_sales', 'customer2') +
    pg_partition_size('range_list_sales', 'customer3') +
    pg_partition_size('range_list_sales', 'customer4');
 ?column? 
----------
 t
(1 row)

-- should be equal
SELECT pg_partition_size('range_list_sales', 'customer1') =
    pg_partition_size('range_list_sales', 'customer1_channel1') +
    pg_partition_size('range_list_sales', 'customer1_channel2') +
    pg_partition_size('range_list_sales', 'customer1_channel3') +
    pg_partition_size('range_list_sales', 'customer1_channel4');
 ?column? 
----------
 t
(1 row)

-- should be equal
SELECT pg_partition_size('range_list_sales', 'customer4') = pg_partition_size('range_list_sales', 'customer4_channel1');
 ?column? 
----------
 t
(1 row)

-- invalid parameter, error
SELECT pg_partition_size('range_list_sales', 'parttemp');
ERROR:  partition "parttemp" does not exist
CONTEXT:  referenced column: pg_partition_size
-- 6. pg_partition_indexes_size
SELECT pg_partition_indexes_size('range_list_sales', 'customer1');
 pg_partition_indexes_size 
---------------------------
                    229376
(1 row)

SELECT pg_partition_indexes_size('range_list_sales', 'customer2_channel1');
 pg_partition_indexes_size 
---------------------------
                    114688
(1 row)

-- should be equal, all_index = glable_index + local_index
SELECT pg_indexes_size('range_list_sales') =
    (pg_table_size('range_list_sales_idx3') + pg_table_size('range_list_sales_pkey')) +
    (pg_partition_indexes_size('range_list_sales', 'customer1') +
     pg_partition_indexes_size('range_list_sales', 'customer2') +
     pg_partition_indexes_size('range_list_sales', 'customer3') +
     pg_partition_indexes_size('range_list_sales', 'customer4'));
 ?column? 
----------
 t
(1 row)

-- should be equal
SELECT pg_partition_indexes_size('range_list_sales', 'customer1') =
    pg_partition_indexes_size('range_list_sales', 'customer1_channel1') +
    pg_partition_indexes_size('range_list_sales', 'customer1_channel2') +
    pg_partition_indexes_size('range_list_sales', 'customer1_channel3') +
    pg_partition_indexes_size('range_list_sales', 'customer1_channel4');
 ?column? 
----------
 t
(1 row)

-- should be equal
SELECT pg_partition_indexes_size('range_list_sales', 'customer4') = pg_partition_indexes_size('range_list_sales', 'customer4_channel1');
 ?column? 
----------
 t
(1 row)

-- finish, clean
DROP TABLE range_list_sales;
DROP SCHEMA hw_subpartition_size CASCADE;
RESET CURRENT_SCHEMA;
