1 <nil>
[name id]
1073741821 true
name string
0 0 false
false false
1073741821 true
id string
0 0 false
false false
name: liu
id: 3.34
[?column? ?column?]
1073741821 true
?column? string
0 0 false
false false
1073741821 true
?column? string
0 0 false
false false
?column?: liu
?column?: 3
1 <nil>
abc 123
********************Bind With Location********************
f1:2, f2:hello world, f3:641.43, f4:2022-02-08 10:35:43.000623 +0800 CST, f5:false
f1:3, f2:华为, f3:431.54, f4:2022-02-10 19:11:54.000353 +0800 CST, f5:true
f1:4, f2:北京2022冬奥会, f3:5423.52, f4:2022-02-12 06:11:15.000636 +0800 CST, f5:false
f1:5, f2:nanjing, f3:665537.63, f4:2022-02-14 04:51:22.000748 +0800 CST, f5:true
f1:6, f2:研究所, f3:6503.1, f4:2022-02-16 13:45:55.000675 +0800 CST, f5:true
********************Bind With Name********************
f1:2, f2:hello world, f3:641.43, f4:2022-02-08 10:35:43.000623 +0800 CST, f5:false
f1:3, f2:华为, f3:431.54, f4:2022-02-10 19:11:54.000353 +0800 CST, f5:true
f1:4, f2:北京2022冬奥会, f3:5423.52, f4:2022-02-12 06:11:15.000636 +0800 CST, f5:false
f1:5, f2:nanjing, f3:665537.63, f4:2022-02-14 04:51:22.000748 +0800 CST, f5:true
f1:6, f2:研究所, f3:6503.1, f4:2022-02-16 13:45:55.000675 +0800 CST, f5:true
PASS
