********************Query with Row********************
f1:1, f2:abcdefg, f3:123.3, f4:2022-02-08 10:30:43.31 +0800 CST, f5:true
The name of columns is f1 f2 f3 f4 f5
********************Query with Rows********************
f1:2, f2:hello world, f3:641.43, f4:2022-02-08 10:35:43.000623 +0800 CST, f5:false
f1:3, f2:华为, f3:431.54, f4:2022-02-10 19:11:54.000353 +0800 CST, f5:true
f1:4, f2:北京2022冬奥会, f3:5423.52, f4:2022-02-12 06:11:15.000636 +0800 CST, f5:false
f1:5, f2:nanjing, f3:665537.63, f4:2022-02-14 04:51:22.000748 +0800 CST, f5:true
f1:6, f2:研究所, f3:6503.1, f4:2022-02-16 13:45:55.000675 +0800 CST, f5:true
********************Get ColumnType********************
Name is f1, DatabaseTypeName is INT4. ScanType is int32.
Name is f2, DatabaseTypeName is VARCHAR. Sting length is 20. ScanType is string.
Name is f3, DatabaseTypeName is NUMERIC. Decimal precision is 20, scale is 4. ScanType is interface {}.
Name is f4, DatabaseTypeName is TIMESTAMPTZ. ScanType is time.Time.
Name is f5, DatabaseTypeName is BOOL. ScanType is bool.
Name is f6, DatabaseTypeName is FLOAT8. ScanType is float64.
Name is f7, DatabaseTypeName is MONEY. ScanType is interface {}.
Name is f8, DatabaseTypeName is POLYGON. ScanType is interface {}.
Name is f9, DatabaseTypeName is BYTEA. Sting length is 1073733621. ScanType is []uint8.
PASS
